Archive member included to satisfy reference by file (symbol)

c:/program files (x86)/gnu tools arm embedded/6 2017-q1-update/bin/../lib/gcc/arm-none-eabi/6.3.1/../../../../arm-none-eabi/lib/thumb/v7e-m/fpv4-sp/hard\libg_nano.a(lib_a-errno.o)
                              ./CMSIS/GCC/_syscalls.o (__errno)
c:/program files (x86)/gnu tools arm embedded/6 2017-q1-update/bin/../lib/gcc/arm-none-eabi/6.3.1/../../../../arm-none-eabi/lib/thumb/v7e-m/fpv4-sp/hard\libg_nano.a(lib_a-exit.o)
                              c:/program files (x86)/gnu tools arm embedded/6 2017-q1-update/bin/../lib/gcc/arm-none-eabi/6.3.1/../../../../arm-none-eabi/lib/thumb/v7e-m/fpv4-sp/hard/crt0.o (exit)
c:/program files (x86)/gnu tools arm embedded/6 2017-q1-update/bin/../lib/gcc/arm-none-eabi/6.3.1/../../../../arm-none-eabi/lib/thumb/v7e-m/fpv4-sp/hard\libg_nano.a(lib_a-impure.o)
                              c:/program files (x86)/gnu tools arm embedded/6 2017-q1-update/bin/../lib/gcc/arm-none-eabi/6.3.1/../../../../arm-none-eabi/lib/thumb/v7e-m/fpv4-sp/hard\libg_nano.a(lib_a-exit.o) (_global_impure_ptr)
c:/program files (x86)/gnu tools arm embedded/6 2017-q1-update/bin/../lib/gcc/arm-none-eabi/6.3.1/../../../../arm-none-eabi/lib/thumb/v7e-m/fpv4-sp/hard\libg_nano.a(lib_a-init.o)
                              c:/program files (x86)/gnu tools arm embedded/6 2017-q1-update/bin/../lib/gcc/arm-none-eabi/6.3.1/../../../../arm-none-eabi/lib/thumb/v7e-m/fpv4-sp/hard/crt0.o (__libc_init_array)
c:/program files (x86)/gnu tools arm embedded/6 2017-q1-update/bin/../lib/gcc/arm-none-eabi/6.3.1/../../../../arm-none-eabi/lib/thumb/v7e-m/fpv4-sp/hard\libg_nano.a(lib_a-memset.o)
                              c:/program files (x86)/gnu tools arm embedded/6 2017-q1-update/bin/../lib/gcc/arm-none-eabi/6.3.1/../../../../arm-none-eabi/lib/thumb/v7e-m/fpv4-sp/hard/crt0.o (memset)
c:/program files (x86)/gnu tools arm embedded/6 2017-q1-update/bin/../lib/gcc/arm-none-eabi/6.3.1/../../../../arm-none-eabi/lib/thumb/v7e-m/fpv4-sp/hard\libg_nano.a(lib_a-printf.o)
                              ./User/main.o (printf)
c:/program files (x86)/gnu tools arm embedded/6 2017-q1-update/bin/../lib/gcc/arm-none-eabi/6.3.1/../../../../arm-none-eabi/lib/thumb/v7e-m/fpv4-sp/hard\libg_nano.a(lib_a-puts.o)
                              ./Library/retarget.o (puts)
c:/program files (x86)/gnu tools arm embedded/6 2017-q1-update/bin/../lib/gcc/arm-none-eabi/6.3.1/../../../../arm-none-eabi/lib/thumb/v7e-m/fpv4-sp/hard\libg_nano.a(lib_a-wbuf.o)
                              c:/program files (x86)/gnu tools arm embedded/6 2017-q1-update/bin/../lib/gcc/arm-none-eabi/6.3.1/../../../../arm-none-eabi/lib/thumb/v7e-m/fpv4-sp/hard\libg_nano.a(lib_a-puts.o) (__swbuf_r)
c:/program files (x86)/gnu tools arm embedded/6 2017-q1-update/bin/../lib/gcc/arm-none-eabi/6.3.1/../../../../arm-none-eabi/lib/thumb/v7e-m/fpv4-sp/hard\libg_nano.a(lib_a-wsetup.o)
                              c:/program files (x86)/gnu tools arm embedded/6 2017-q1-update/bin/../lib/gcc/arm-none-eabi/6.3.1/../../../../arm-none-eabi/lib/thumb/v7e-m/fpv4-sp/hard\libg_nano.a(lib_a-puts.o) (__swsetup_r)
c:/program files (x86)/gnu tools arm embedded/6 2017-q1-update/bin/../lib/gcc/arm-none-eabi/6.3.1/../../../../arm-none-eabi/lib/thumb/v7e-m/fpv4-sp/hard\libg_nano.a(lib_a-fflush.o)
                              c:/program files (x86)/gnu tools arm embedded/6 2017-q1-update/bin/../lib/gcc/arm-none-eabi/6.3.1/../../../../arm-none-eabi/lib/thumb/v7e-m/fpv4-sp/hard\libg_nano.a(lib_a-wbuf.o) (_fflush_r)
c:/program files (x86)/gnu tools arm embedded/6 2017-q1-update/bin/../lib/gcc/arm-none-eabi/6.3.1/../../../../arm-none-eabi/lib/thumb/v7e-m/fpv4-sp/hard\libg_nano.a(lib_a-findfp.o)
                              c:/program files (x86)/gnu tools arm embedded/6 2017-q1-update/bin/../lib/gcc/arm-none-eabi/6.3.1/../../../../arm-none-eabi/lib/thumb/v7e-m/fpv4-sp/hard\libg_nano.a(lib_a-printf.o) (__sinit)
c:/program files (x86)/gnu tools arm embedded/6 2017-q1-update/bin/../lib/gcc/arm-none-eabi/6.3.1/../../../../arm-none-eabi/lib/thumb/v7e-m/fpv4-sp/hard\libg_nano.a(lib_a-fwalk.o)
                              c:/program files (x86)/gnu tools arm embedded/6 2017-q1-update/bin/../lib/gcc/arm-none-eabi/6.3.1/../../../../arm-none-eabi/lib/thumb/v7e-m/fpv4-sp/hard\libg_nano.a(lib_a-findfp.o) (_fwalk)
c:/program files (x86)/gnu tools arm embedded/6 2017-q1-update/bin/../lib/gcc/arm-none-eabi/6.3.1/../../../../arm-none-eabi/lib/thumb/v7e-m/fpv4-sp/hard\libg_nano.a(lib_a-makebuf.o)
                              c:/program files (x86)/gnu tools arm embedded/6 2017-q1-update/bin/../lib/gcc/arm-none-eabi/6.3.1/../../../../arm-none-eabi/lib/thumb/v7e-m/fpv4-sp/hard\libg_nano.a(lib_a-wsetup.o) (__smakebuf_r)
c:/program files (x86)/gnu tools arm embedded/6 2017-q1-update/bin/../lib/gcc/arm-none-eabi/6.3.1/../../../../arm-none-eabi/lib/thumb/v7e-m/fpv4-sp/hard\libg_nano.a(lib_a-nano-freer.o)
[...]
Memory Configuration

Name             Origin             Length             Attributes
FLASH            0x00000000         0x00040000         xr
RAM              0x20000000         0x00020000         xrw
*default*        0x00000000         0xffffffff

Linker script and memory map

LOAD c:/program files (x86)/gnu tools arm embedded/6 2017-q1-update/bin/../lib/gcc/arm-none-eabi/6.3.1/thumb/v7e-m/fpv4-sp/hard/crti.o
LOAD c:/program files (x86)/gnu tools arm embedded/6 2017-q1-update/bin/../lib/gcc/arm-none-eabi/6.3.1/thumb/v7e-m/fpv4-sp/hard/crtbegin.o
LOAD c:/program files (x86)/gnu tools arm embedded/6 2017-q1-update/bin/../lib/gcc/arm-none-eabi/6.3.1/../../../../arm-none-eabi/lib/thumb/v7e-m/fpv4-sp/hard/crt0.o
LOAD ./User/main.o
LOAD ./Library/clk.o
LOAD ./Library/retarget.o
LOAD ./Library/sys.o
LOAD ./Library/uart.o
LOAD ./CMSIS/GCC/_syscalls.o
LOAD ./CMSIS/GCC/startup_M480.o
LOAD ./CMSIS/system_M480.o
START GROUP
LOAD c:/program files (x86)/gnu tools arm embedded/6 2017-q1-update/bin/../lib/gcc/arm-none-eabi/6.3.1/thumb/v7e-m/fpv4-sp/hard\libgcc.a
LOAD c:/program files (x86)/gnu tools arm embedded/6 2017-q1-update/bin/../lib/gcc/arm-none-eabi/6.3.1/../../../../arm-none-eabi/lib/thumb/v7e-m/fpv4-sp/hard\libg_nano.a
LOAD c:/program files (x86)/gnu tools arm embedded/6 2017-q1-update/bin/../lib/gcc/arm-none-eabi/6.3.1/../../../../arm-none-eabi/lib/thumb/v7e-m/fpv4-sp/hard\libc_nano.a
END GROUP
START GROUP
LOAD c:/program files (x86)/gnu tools arm embedded/6 2017-q1-update/bin/../lib/gcc/arm-none-eabi/6.3.1/thumb/v7e-m/fpv4-sp/hard\libgcc.a
LOAD c:/program files (x86)/gnu tools arm embedded/6 2017-q1-update/bin/../lib/gcc/arm-none-eabi/6.3.1/../../../../arm-none-eabi/lib/thumb/v7e-m/fpv4-sp/hard\libc_nano.a
END GROUP
LOAD c:/program files (x86)/gnu tools arm embedded/6 2017-q1-update/bin/../lib/gcc/arm-none-eabi/6.3.1/thumb/v7e-m/fpv4-sp/hard/crtend.o
LOAD c:/program files (x86)/gnu tools arm embedded/6 2017-q1-update/bin/../lib/gcc/arm-none-eabi/6.3.1/thumb/v7e-m/fpv4-sp/hard/crtn.o
START GROUP
LOAD c:/program files (x86)/gnu tools arm embedded/6 2017-q1-update/bin/../lib/gcc/arm-none-eabi/6.3.1/thumb/v7e-m/fpv4-sp/hard\libgcc.a
LOAD c:/program files (x86)/gnu tools arm embedded/6 2017-q1-update/bin/../lib/gcc/arm-none-eabi/6.3.1/../../../../arm-none-eabi/lib/thumb/v7e-m/fpv4-sp/hard\libc.a
LOAD c:/program files (x86)/gnu tools arm embedded/6 2017-q1-update/bin/../lib/gcc/arm-none-eabi/6.3.1/../../../../arm-none-eabi/lib/thumb/v7e-m/fpv4-sp/hard\libm.a
LOAD c:/program files (x86)/gnu tools arm embedded/6 2017-q1-update/bin/../lib/gcc/arm-none-eabi/6.3.1/../../../../arm-none-eabi/lib/thumb/v7e-m/fpv4-sp/hard\libnosys.a
END GROUP

.text           0x00000000     0x1714
 *(.vectors)
 .vectors       0x00000000      0x1f4 ./CMSIS/GCC/startup_M480.o
                0x00000000                __Vectors
                0x000001f4                __Vectors_End = .
                0x000001f4                __Vectors_Size = (__Vectors_End - __Vectors)
                0x000001f4                __end__ = .
 *(.text*)
 .text          0x000001f4       0x6c c:/program files (x86)/gnu tools arm embedded/6 2017-q1-update/bin/../lib/gcc/arm-none-eabi/6.3.1/thumb/v7e-m/fpv4-sp/hard/crtbegin.o
 .text          0x00000260       0x74 c:/program files (x86)/gnu tools arm embedded/6 2017-q1-update/bin/../lib/gcc/arm-none-eabi/6.3.1/../../../../arm-none-eabi/lib/thumb/v7e-m/fpv4-sp/hard/crt0.o
                0x00000260                _start
                0x00000260                _mainCRTStartup
 .text.SYS_Init
                0x000002d4       0x44 ./User/main.o
                0x000002d4                SYS_Init
 .text.uart     0x00000318       0x44 ./User/main.o
                0x00000318                uart
 .text.main     0x0000035c       0x58 ./User/main.o
                0x0000035c                main
 .text.stackDump
                0x000003b4       0x68 ./Library/retarget.o
 .text.Hard_Fault_Handler
                0x0000041c       0x18 ./Library/retarget.o
                0x0000041c                Hard_Fault_Handler
 .text.HardFault_Handler
                0x00000434       0x24 ./Library/retarget.o
                0x00000434                HardFault_Handler
 .text._write   0x00000458       0x44 ./Library/retarget.o
                0x00000458                _write
 .text._read    0x0000049c       0x18 ./Library/retarget.o
                0x0000049c                _read
 .text._close   0x000004b4       0x10 ./CMSIS/GCC/_syscalls.o
                0x000004b4                _close
 .text._fstat   0x000004c4       0x10 ./CMSIS/GCC/_syscalls.o
                0x000004c4                _fstat
 .text._isatty  0x000004d4        0xe ./CMSIS/GCC/_syscalls.o
                0x000004d4                _isatty
 .text._lseek   0x000004e2       0x10 ./CMSIS/GCC/_syscalls.o
                0x000004e2                _lseek
 *fill*         0x000004f2        0x2 
 .text          0x000004f4       0x68 ./CMSIS/GCC/startup_M480.o
                0x000004f4                Reset_Handler
                0x00000558                BRAKE0_IRQHandler
                0x00000558                SC2_IRQHandler
                0x00000558                DebugMon_Handler
                0x00000558                EPWM1P2_IRQHandler
                0x00000558                ACMP01_IRQHandler
                0x00000558                I2C0_IRQHandler
                0x00000558                EMAC_RX_IRQHandler
                0x00000558                SC0_IRQHandler
                0x00000558                USCI0_IRQHandler
                0x00000558                SysTick_Handler
                0x00000558                EADC13_IRQHandler
                0x00000558                PendSV_Handler
                0x00000558                NMI_Handler
                0x00000558                I2C1_IRQHandler
                0x00000558                EINT2_IRQHandler
                0x00000558                UART1_IRQHandler
                0x00000558                CAN1_IRQHandler
                0x00000558                EINT3_IRQHandler
                0x00000558                EADC01_IRQHandler
                0x00000558                I2S0_IRQHandler
                0x00000558                EINT6_IRQHandler
                0x00000558                EPWM1P1_IRQHandler
                0x00000558                UART0_IRQHandler
                0x00000558                BRAKE1_IRQHandler
                0x00000558                GPE_IRQHandler
                0x00000558                EPWM1P0_IRQHandler
                0x00000558                EADC03_IRQHandler
                0x00000558                SDH1_IRQHandler
                0x00000558                USBD_IRQHandler
                0x00000558                EADC12_IRQHandler
                0x00000558                UsageFault_Handler
                0x00000558                EADC10_IRQHandler
                0x00000558                GPB_IRQHandler
                0x00000558                SPI1_IRQHandler
                0x00000558                TAMPER_IRQHandler
                0x00000558                TMR0_IRQHandler
                0x00000558                USCI1_IRQHandler
                0x00000558                SDH0_IRQHandler
                0x00000558                QSPI0_IRQHandler
                0x00000558                EPWM0P1_IRQHandler
                0x00000558                GPA_IRQHandler
                0x00000558                IRC_IRQHandler
                0x00000558                I2C2_IRQHandler
                0x00000558                EINT7_IRQHandler
                0x00000558                EADC02_IRQHandler
                0x00000558                RTC_IRQHandler
                0x00000558                PWRWU_IRQHandler
                0x00000558                EPWM0P2_IRQHandler
                0x00000558                UART5_IRQHandler
                0x00000558                BPWM1_IRQHandler
                0x00000558                EINT1_IRQHandler
                0x00000558                EADC11_IRQHandler
                0x00000558                UART2_IRQHandler
                0x00000558                EHCI_IRQHandler
                0x00000558                GPH_IRQHandler
                0x00000558                UART4_IRQHandler
                0x00000558                GPC_IRQHandler
                0x00000558                OHCI_IRQHandler
                0x00000558                Default_Handler
                0x00000558                QSPI1_IRQHandler
                0x00000558                CKFAIL_IRQHandler
                0x00000558                USBOTG20_IRQHandler
                0x00000558                QEI1_IRQHandler
                0x00000558                TMR2_IRQHandler
                0x00000558                SPIM_IRQHandler
                0x00000558                ECAP0_IRQHandler
                0x00000558                QEI0_IRQHandler
                0x00000558                BPWM0_IRQHandler
                0x00000558                BOD_IRQHandler
                0x00000558                SPI2_IRQHandler
                0x00000558                MemManage_Handler
                0x00000558                WDT_IRQHandler
                0x00000558                SVC_Handler
                0x00000558                USBOTG_IRQHandler
                0x00000558                OPA0_IRQHandler
                0x00000558                EINT4_IRQHandler
                0x00000558                USBD20_IRQHandler
                0x00000558                PDMA_IRQHandler
                0x00000558                SC1_IRQHandler
                0x00000558                RAMPE_IRQHandler
                0x00000558                EPWM0P0_IRQHandler
                0x00000558                EINT0_IRQHandler
                0x00000558                EINT5_IRQHandler
                0x00000558                CRYPTO_IRQHandler
                0x00000558                GPG_IRQHandler
                0x00000558                CAN0_IRQHandler
                0x00000558                TMR3_IRQHandler
                0x00000558                DAC_IRQHandler
                0x00000558                EMAC_TX_IRQHandler
                0x00000558                SPI0_IRQHandler
                0x00000558                GPD_IRQHandler
                0x00000558                UART7_IRQHandler
                0x00000558                UART6_IRQHandler
                0x00000558                CCAP_IRQHandler
                0x00000558                ECAP1_IRQHandler
                0x00000558                CAN2_IRQHandler
                0x00000558                GPF_IRQHandler
                0x00000558                BusFault_Handler
                0x00000558                SPI3_IRQHandler
                0x00000558                UART3_IRQHandler
                0x00000558                TMR1_IRQHandler
                0x00000558                TRNG_IRQHandler
                0x00000558                WWDT_IRQHandler
                0x00000558                EADC00_IRQHandler
 .text.SystemInit
                0x0000055c       0x74 ./CMSIS/system_M480.o
                0x0000055c                SystemInit
 .text.__errno  0x000005d0        0xc c:/program files (x86)/gnu tools arm embedded/6 2017-q1-update/bin/../lib/gcc/arm-none-eabi/6.3.1/../../../../arm-none-eabi/lib/thumb/v7e-m/fpv4-sp/hard\libg_nano.a(lib_a-errno.o)
                0x000005d0                __errno
 .text.exit     0x000005dc       0x28 c:/program files (x86)/gnu tools arm embedded/6 2017-q1-update/bin/../lib/gcc/arm-none-eabi/6.3.1/../../../../arm-none-eabi/lib/thumb/v7e-m/fpv4-sp/hard\libg_nano.a(lib_a-exit.o)
                0x000005dc                exit
 .text.__libc_init_array
                0x00000604       0x48 c:/program files (x86)/gnu tools arm embedded/6 2017-q1-update/bin/../lib/gcc/arm-none-eabi/6.3.1/../../../../arm-none-eabi/lib/thumb/v7e-m/fpv4-sp/hard\libg_nano.a(lib_a-init.o)
                0x00000604                __libc_init_array
 .text.memset   0x0000064c       0x10 c:/program files (x86)/gnu tools arm embedded/6 2017-q1-update/bin/../lib/gcc/arm-none-eabi/6.3.1/../../../../arm-none-eabi/lib/thumb/v7e-m/fpv4-sp/hard\libg_nano.a(lib_a-memset.o)
                0x0000064c                memset
 .text.printf   0x0000065c       0x30 c:/program files (x86)/gnu tools arm embedded/6 2017-q1-update/bin/../lib/gcc/arm-none-eabi/6.3.1/../../../../arm-none-eabi/lib/thumb/v7e-m/fpv4-sp/hard\libg_nano.a(lib_a-printf.o)
                0x0000065c                iprintf
                0x0000065c                printf
 .text._puts_r  0x0000068c       0xb8 c:/program files (x86)/gnu tools arm embedded/6 2017-q1-update/bin/../lib/gcc/arm-none-eabi/6.3.1/../../../../arm-none-eabi/lib/thumb/v7e-m/fpv4-sp/hard\libg_nano.a(lib_a-puts.o)
                0x0000068c                _puts_r
 .text.puts     0x00000744       0x10 c:/program files (x86)/gnu tools arm embedded/6 2017-q1-update/bin/../lib/gcc/arm-none-eabi/6.3.1/../../../../arm-none-eabi/lib/thumb/v7e-m/fpv4-sp/hard\libg_nano.a(lib_a-puts.o)
                0x00000744                puts
 .text.__swbuf_r
                0x00000754       0xa4 c:/program files (x86)/gnu tools arm embedded/6 2017-q1-update/bin/../lib/gcc/arm-none-eabi/6.3.1/../../../../arm-none-eabi/lib/thumb/v7e-m/fpv4-sp/hard\libg_nano.a(lib_a-wbuf.o)
                0x00000754                __swbuf_r
 .text.__swsetup_r
                0x000007f8       0xdc c:/program files (x86)/gnu tools arm embedded/6 2017-q1-update/bin/../lib/gcc/arm-none-eabi/6.3.1/../../../../arm-none-eabi/lib/thumb/v7e-m/fpv4-sp/hard\libg_nano.a(lib_a-wsetup.o)
                0x000007f8                __swsetup_r
 .text.__sflush_r
                0x000008d4      0x110 c:/program files (x86)/gnu tools arm embedded/6 2017-q1-update/bin/../lib/gcc/arm-none-eabi/6.3.1/../../../../arm-none-eabi/lib/thumb/v7e-m/fpv4-sp/hard\libg_nano.a(lib_a-fflush.o)
                0x000008d4                __sflush_r
 .text._fflush_r
                0x000009e4       0x54 c:/program files (x86)/gnu tools arm embedded/6 2017-q1-update/bin/../lib/gcc/arm-none-eabi/6.3.1/../../../../arm-none-eabi/lib/thumb/v7e-m/fpv4-sp/hard\libg_nano.a(lib_a-fflush.o)
                0x000009e4                _fflush_r
 .text._cleanup_r
                0x00000a38        0xc c:/program files (x86)/gnu tools arm embedded/6 2017-q1-update/bin/../lib/gcc/arm-none-eabi/6.3.1/../../../../arm-none-eabi/lib/thumb/v7e-m/fpv4-sp/hard\libg_nano.a(lib_a-findfp.o)
                0x00000a38                _cleanup_r
 .text.std.isra.0
                0x00000a44       0x48 c:/program files (x86)/gnu tools arm embedded/6 2017-q1-update/bin/../lib/gcc/arm-none-eabi/6.3.1/../../../../arm-none-eabi/lib/thumb/v7e-m/fpv4-sp/hard\libg_nano.a(lib_a-findfp.o)
 .text.__sfmoreglue
                0x00000a8c       0x2c c:/program files (x86)/gnu tools arm embedded/6 2017-q1-update/bin/../lib/gcc/arm-none-eabi/6.3.1/../../../../arm-none-eabi/lib/thumb/v7e-m/fpv4-sp/hard\libg_nano.a(lib_a-findfp.o)
                0x00000a8c                __sfmoreglue
 .text.__sinit  0x00000ab8       0x60 c:/program files (x86)/gnu tools arm embedded/6 2017-q1-update/bin/../lib/gcc/arm-none-eabi/6.3.1/../../../../arm-none-eabi/lib/thumb/v7e-m/fpv4-sp/hard\libg_nano.a(lib_a-findfp.o)
                0x00000ab8                __sinit
 .text.__sfp    0x00000b18       0x78 c:/program files (x86)/gnu tools arm embedded/6 2017-q1-update/bin/../lib/gcc/arm-none-eabi/6.3.1/../../../../arm-none-eabi/lib/thumb/v7e-m/fpv4-sp/hard\libg_nano.a(lib_a-findfp.o)
                0x00000b18                __sfp
 .text._fwalk_reent
                0x00000b90       0x3c c:/program files (x86)/gnu tools arm embedded/6 2017-q1-update/bin/../lib/gcc/arm-none-eabi/6.3.1/../../../../arm-none-eabi/lib/thumb/v7e-m/fpv4-sp/hard\libg_nano.a(lib_a-fwalk.o)
                0x00000b90                _fwalk_reent
 .text.__swhatbuf_r
                0x00000bcc       0x48 c:/program files (x86)/gnu tools arm embedded/6 2017-q1-update/bin/../lib/gcc/arm-none-eabi/6.3.1/../../../../arm-none-eabi/lib/thumb/v7e-m/fpv4-sp/hard\libg_nano.a(lib_a-makebuf.o)
                0x00000bcc                __swhatbuf_r
 .text.__smakebuf_r
                0x00000c14       0x80 c:/program files (x86)/gnu tools arm embedded/6 2017-q1-update/bin/../lib/gcc/arm-none-eabi/6.3.1/../../../../arm-none-eabi/lib/thumb/v7e-m/fpv4-sp/hard\libg_nano.a(lib_a-makebuf.o)
                0x00000c14                __smakebuf_r
 .text._free_r  0x00000c94       0x9c c:/program files (x86)/gnu tools arm embedded/6 2017-q1-update/bin/../lib/gcc/arm-none-eabi/6.3.1/../../../../arm-none-eabi/lib/thumb/v7e-m/fpv4-sp/hard\libg_nano.a(lib_a-nano-freer.o)
                0x00000c94                _free_r
 .text._malloc_r
                0x00000d30       0xbc c:/program files (x86)/gnu tools arm embedded/6 2017-q1-update/bin/../lib/gcc/arm-none-eabi/6.3.1/../../../../arm-none-eabi/lib/thumb/v7e-m/fpv4-sp/hard\libg_nano.a(lib_a-nano-mallocr.o)
                0x00000d30                _malloc_r
 .text.__sfputc_r
                0x00000dec       0x30 c:/program files (x86)/gnu tools arm embedded/6 2017-q1-update/bin/../lib/gcc/arm-none-eabi/6.3.1/../../../../arm-none-eabi/lib/thumb/v7e-m/fpv4-sp/hard\libg_nano.a(lib_a-nano-vfprintf.o)
 .text.__sfputs_r
                0x00000e1c       0x24 c:/program files (x86)/gnu tools arm embedded/6 2017-q1-update/bin/../lib/gcc/arm-none-eabi/6.3.1/../../../../arm-none-eabi/lib/thumb/v7e-m/fpv4-sp/hard\libg_nano.a(lib_a-nano-vfprintf.o)
                0x00000e1c                __sfputs_r
 .text._vfprintf_r
                0x00000e40      0x22c c:/program files (x86)/gnu tools arm embedded/6 2017-q1-update/bin/../lib/gcc/arm-none-eabi/6.3.1/../../../../arm-none-eabi/lib/thumb/v7e-m/fpv4-sp/hard\libg_nano.a(lib_a-nano-vfprintf.o)
                0x00000e40                _vfprintf_r
                0x00000e40                _vfiprintf_r
 .text._printf_common
                0x0000106c       0xec c:/program files (x86)/gnu tools arm embedded/6 2017-q1-update/bin/../lib/gcc/arm-none-eabi/6.3.1/../../../../arm-none-eabi/lib/thumb/v7e-m/fpv4-sp/hard\libg_nano.a(lib_a-nano-vfprintf_i.o)
                0x0000106c                _printf_common
 .text._printf_i
                0x00001158      0x240 c:/program files (x86)/gnu tools arm embedded/6 2017-q1-update/bin/../lib/gcc/arm-none-eabi/6.3.1/../../../../arm-none-eabi/lib/thumb/v7e-m/fpv4-sp/hard\libg_nano.a(lib_a-nano-vfprintf_i.o)
                0x00001158                _printf_i
 .text._sbrk_r  0x00001398       0x20 c:/program files (x86)/gnu tools arm embedded/6 2017-q1-update/bin/../lib/gcc/arm-none-eabi/6.3.1/../../../../arm-none-eabi/lib/thumb/v7e-m/fpv4-sp/hard\libg_nano.a(lib_a-sbrkr.o)
                0x00001398                _sbrk_r
 .text.__sread  0x000013b8       0x22 c:/program files (x86)/gnu tools arm embedded/6 2017-q1-update/bin/../lib/gcc/arm-none-eabi/6.3.1/../../../../arm-none-eabi/lib/thumb/v7e-m/fpv4-sp/hard\libg_nano.a(lib_a-stdio.o)
                0x000013b8                __sread
 .text.__swrite
                0x000013da       0x38 c:/program files (x86)/gnu tools arm embedded/6 2017-q1-update/bin/../lib/gcc/arm-none-eabi/6.3.1/../../../../arm-none-eabi/lib/thumb/v7e-m/fpv4-sp/hard\libg_nano.a(lib_a-stdio.o)
                0x000013da                __swrite
 .text.__sseek  0x00001412       0x24 c:/program files (x86)/gnu tools arm embedded/6 2017-q1-update/bin/../lib/gcc/arm-none-eabi/6.3.1/../../../../arm-none-eabi/lib/thumb/v7e-m/fpv4-sp/hard\libg_nano.a(lib_a-stdio.o)
                0x00001412                __sseek
 .text.__sclose
                0x00001436        0x8 c:/program files (x86)/gnu tools arm embedded/6 2017-q1-update/bin/../lib/gcc/arm-none-eabi/6.3.1/../../../../arm-none-eabi/lib/thumb/v7e-m/fpv4-sp/hard\libg_nano.a(lib_a-stdio.o)
                0x00001436                __sclose
 *fill*         0x0000143e        0x2 
 .text._write_r
                0x00001440       0x24 c:/program files (x86)/gnu tools arm embedded/6 2017-q1-update/bin/../lib/gcc/arm-none-eabi/6.3.1/../../../../arm-none-eabi/lib/thumb/v7e-m/fpv4-sp/hard\libg_nano.a(lib_a-writer.o)
                0x00001440                _write_r
 .text._close_r
                0x00001464       0x20 c:/program files (x86)/gnu tools arm embedded/6 2017-q1-update/bin/../lib/gcc/arm-none-eabi/6.3.1/../../../../arm-none-eabi/lib/thumb/v7e-m/fpv4-sp/hard\libg_nano.a(lib_a-closer.o)
                0x00001464                _close_r
 .text._fstat_r
                0x00001484       0x24 c:/program files (x86)/gnu tools arm embedded/6 2017-q1-update/bin/../lib/gcc/arm-none-eabi/6.3.1/../../../../arm-none-eabi/lib/thumb/v7e-m/fpv4-sp/hard\libg_nano.a(lib_a-fstatr.o)
                0x00001484                _fstat_r
 .text._isatty_r
                0x000014a8       0x20 c:/program files (x86)/gnu tools arm embedded/6 2017-q1-update/bin/../lib/gcc/arm-none-eabi/6.3.1/../../../../arm-none-eabi/lib/thumb/v7e-m/fpv4-sp/hard\libg_nano.a(lib_a-isattyr.o)
                0x000014a8                _isatty_r
 .text._lseek_r
                0x000014c8       0x24 c:/program files (x86)/gnu tools arm embedded/6 2017-q1-update/bin/../lib/gcc/arm-none-eabi/6.3.1/../../../../arm-none-eabi/lib/thumb/v7e-m/fpv4-sp/hard\libg_nano.a(lib_a-lseekr.o)
                0x000014c8                _lseek_r
 *fill*         0x000014ec        0x4 
 .text          0x000014f0       0xa0 c:/program files (x86)/gnu tools arm embedded/6 2017-q1-update/bin/../lib/gcc/arm-none-eabi/6.3.1/../../../../arm-none-eabi/lib/thumb/v7e-m/fpv4-sp/hard\libg_nano.a(lib_a-memchr.o)
                0x000014f0                memchr
 .text.__malloc_lock
                0x00001590        0x2 c:/program files (x86)/gnu tools arm embedded/6 2017-q1-update/bin/../lib/gcc/arm-none-eabi/6.3.1/../../../../arm-none-eabi/lib/thumb/v7e-m/fpv4-sp/hard\libg_nano.a(lib_a-mlock.o)
                0x00001590                __malloc_lock
 .text.__malloc_unlock
                0x00001592        0x2 c:/program files (x86)/gnu tools arm embedded/6 2017-q1-update/bin/../lib/gcc/arm-none-eabi/6.3.1/../../../../arm-none-eabi/lib/thumb/v7e-m/fpv4-sp/hard\libg_nano.a(lib_a-mlock.o)
                0x00001592                __malloc_unlock
 .text._read_r  0x00001594       0x24 c:/program files (x86)/gnu tools arm embedded/6 2017-q1-update/bin/../lib/gcc/arm-none-eabi/6.3.1/../../../../arm-none-eabi/lib/thumb/v7e-m/fpv4-sp/hard\libg_nano.a(lib_a-readr.o)
                0x00001594                _read_r
 .text._sbrk    0x000015b8       0x1c c:/program files (x86)/gnu tools arm embedded/6 2017-q1-update/bin/../lib/gcc/arm-none-eabi/6.3.1/../../../../arm-none-eabi/lib/thumb/v7e-m/fpv4-sp/hard\libnosys.a(sbrk.o)
                0x000015b8                _sbrk
 .text._exit    0x000015d4        0x4 c:/program files (x86)/gnu tools arm embedded/6 2017-q1-update/bin/../lib/gcc/arm-none-eabi/6.3.1/../../../../arm-none-eabi/lib/thumb/v7e-m/fpv4-sp/hard\libnosys.a(_exit.o)
                0x000015d4                _exit
 *(.init)
 .init          0x000015d8        0x4 c:/program files (x86)/gnu tools arm embedded/6 2017-q1-update/bin/../lib/gcc/arm-none-eabi/6.3.1/thumb/v7e-m/fpv4-sp/hard/crti.o
                0x000015d8                _init
 .init          0x000015dc        0x8 c:/program files (x86)/gnu tools arm embedded/6 2017-q1-update/bin/../lib/gcc/arm-none-eabi/6.3.1/thumb/v7e-m/fpv4-sp/hard/crtn.o
 *(.fini)
 .fini          0x000015e4        0x4 c:/program files (x86)/gnu tools arm embedded/6 2017-q1-update/bin/../lib/gcc/arm-none-eabi/6.3.1/thumb/v7e-m/fpv4-sp/hard/crti.o
                0x000015e4                _fini
 .fini          0x000015e8        0x8 c:/program files (x86)/gnu tools arm embedded/6 2017-q1-update/bin/../lib/gcc/arm-none-eabi/6.3.1/thumb/v7e-m/fpv4-sp/hard/crtn.o
 *crtbegin.o(.ctors)
 *crtbegin?.o(.ctors)
 *(EXCLUDE_FILE(*crtend.o *crtend?.o) .ctors)
 *(SORT(.ctors.*))
 *(.ctors)
 *crtbegin.o(.dtors)
 *crtbegin?.o(.dtors)
 *(EXCLUDE_FILE(*crtend.o *crtend?.o) .dtors)
 *(SORT(.dtors.*))
 *(.dtors)
 *(.rodata*)
 .rodata.main.str1.4
                0x000015f0        0xd ./User/main.o
 *fill*         0x000015fd        0x3 
 .rodata.Hard_Fault_Handler.str1.4
                0x00001600       0x16 ./Library/retarget.o
 *fill*         0x00001616        0x2 
 .rodata.stackDump.str1.4
                0x00001618       0x60 ./Library/retarget.o
 .rodata._global_impure_ptr
                0x00001678        0x4 c:/program files (x86)/gnu tools arm embedded/6 2017-q1-update/bin/../lib/gcc/arm-none-eabi/6.3.1/../../../../arm-none-eabi/lib/thumb/v7e-m/fpv4-sp/hard\libg_nano.a(lib_a-impure.o)
                0x00001678                _global_impure_ptr
 .rodata.__sf_fake_stderr
                0x0000167c       0x20 c:/program files (x86)/gnu tools arm embedded/6 2017-q1-update/bin/../lib/gcc/arm-none-eabi/6.3.1/../../../../arm-none-eabi/lib/thumb/v7e-m/fpv4-sp/hard\libg_nano.a(lib_a-findfp.o)
                0x0000167c                __sf_fake_stderr
 .rodata.__sf_fake_stdin
                0x0000169c       0x20 c:/program files (x86)/gnu tools arm embedded/6 2017-q1-update/bin/../lib/gcc/arm-none-eabi/6.3.1/../../../../arm-none-eabi/lib/thumb/v7e-m/fpv4-sp/hard\libg_nano.a(lib_a-findfp.o)
                0x0000169c                __sf_fake_stdin
 .rodata.__sf_fake_stdout
                0x000016bc       0x20 c:/program files (x86)/gnu tools arm embedded/6 2017-q1-update/bin/../lib/gcc/arm-none-eabi/6.3.1/../../../../arm-none-eabi/lib/thumb/v7e-m/fpv4-sp/hard\libg_nano.a(lib_a-findfp.o)
                0x000016bc                __sf_fake_stdout
 .rodata._vfprintf_r.str1.1
                0x000016dc       0x11 c:/program files (x86)/gnu tools arm embedded/6 2017-q1-update/bin/../lib/gcc/arm-none-eabi/6.3.1/../../../../arm-none-eabi/lib/thumb/v7e-m/fpv4-sp/hard\libg_nano.a(lib_a-nano-vfprintf.o)
 .rodata._printf_i.str1.1
                0x000016ed       0x22 c:/program files (x86)/gnu tools arm embedded/6 2017-q1-update/bin/../lib/gcc/arm-none-eabi/6.3.1/../../../../arm-none-eabi/lib/thumb/v7e-m/fpv4-sp/hard\libg_nano.a(lib_a-nano-vfprintf_i.o)
 *(.eh_frame*)
 *fill*         0x0000170f        0x1 
 .eh_frame      0x00001710        0x0 c:/program files (x86)/gnu tools arm embedded/6 2017-q1-update/bin/../lib/gcc/arm-none-eabi/6.3.1/thumb/v7e-m/fpv4-sp/hard/crtbegin.o
 .eh_frame      0x00001710        0x4 c:/program files (x86)/gnu tools arm embedded/6 2017-q1-update/bin/../lib/gcc/arm-none-eabi/6.3.1/thumb/v7e-m/fpv4-sp/hard/crtend.o

.glue_7         0x00001714        0x0
 .glue_7        0x00001714        0x0 linker stubs

.glue_7t        0x00001714        0x0
 .glue_7t       0x00001714        0x0 linker stubs

.vfp11_veneer   0x00001714        0x0
 .vfp11_veneer  0x00001714        0x0 linker stubs

.v4_bx          0x00001714        0x0
 .v4_bx         0x00001714        0x0 linker stubs

.iplt           0x00001714        0x0
 .iplt          0x00001714        0x0 c:/program files (x86)/gnu tools arm embedded/6 2017-q1-update/bin/../lib/gcc/arm-none-eabi/6.3.1/thumb/v7e-m/fpv4-sp/hard/crtbegin.o

.ARM.extab
 *(.ARM.extab* .gnu.linkonce.armextab.*)
                0x00001714                __exidx_start = .

.ARM.exidx      0x00001714        0x8
 *(.ARM.exidx* .gnu.linkonce.armexidx.*)
 .ARM.exidx     0x00001714        0x8 c:/program files (x86)/gnu tools arm embedded/6 2017-q1-update/bin/../lib/gcc/arm-none-eabi/6.3.1/../../../../arm-none-eabi/lib/thumb/v7e-m/fpv4-sp/hard/crt0.o
                0x0000171c                __exidx_end = .
                0x0000171c                __etext = .

.rel.dyn        0x0000171c        0x0
 .rel.iplt      0x0000171c        0x0 c:/program files (x86)/gnu tools arm embedded/6 2017-q1-update/bin/../lib/gcc/arm-none-eabi/6.3.1/thumb/v7e-m/fpv4-sp/hard/crtbegin.o

.data           0x20000000       0x70 load address 0x0000171c
                0x20000000                __data_start__ = .
 *(vtable)
 *(.data*)
 .data._impure_ptr
                0x20000000        0x4 c:/program files (x86)/gnu tools arm embedded/6 2017-q1-update/bin/../lib/gcc/arm-none-eabi/6.3.1/../../../../arm-none-eabi/lib/thumb/v7e-m/fpv4-sp/hard\libg_nano.a(lib_a-impure.o)
                0x20000000                _impure_ptr
 .data.impure_data
                0x20000004       0x60 c:/program files (x86)/gnu tools arm embedded/6 2017-q1-update/bin/../lib/gcc/arm-none-eabi/6.3.1/../../../../arm-none-eabi/lib/thumb/v7e-m/fpv4-sp/hard\libg_nano.a(lib_a-impure.o)
                0x20000064                . = ALIGN (0x4)
                0x20000064                PROVIDE (__preinit_array_start, .)
 *(.preinit_array)
                0x20000064                PROVIDE (__preinit_array_end, .)
                0x20000064                . = ALIGN (0x4)
                0x20000064                PROVIDE (__init_array_start, .)
 *(SORT(.init_array.*))
 *(.init_array)
 .init_array    0x20000064        0x4 c:/program files (x86)/gnu tools arm embedded/6 2017-q1-update/bin/../lib/gcc/arm-none-eabi/6.3.1/thumb/v7e-m/fpv4-sp/hard/crtbegin.o
                0x20000068                PROVIDE (__init_array_end, .)
                0x20000068                . = ALIGN (0x4)
                [!provide]                PROVIDE (__fini_array_start, .)
 *(SORT(.fini_array.*))
 *(.fini_array)
 .fini_array    0x20000068        0x4 c:/program files (x86)/gnu tools arm embedded/6 2017-q1-update/bin/../lib/gcc/arm-none-eabi/6.3.1/thumb/v7e-m/fpv4-sp/hard/crtbegin.o
                [!provide]                PROVIDE (__fini_array_end, .)
 *(.jcr*)
 .jcr           0x2000006c        0x0 c:/program files (x86)/gnu tools arm embedded/6 2017-q1-update/bin/../lib/gcc/arm-none-eabi/6.3.1/thumb/v7e-m/fpv4-sp/hard/crtbegin.o
 .jcr           0x2000006c        0x4 c:/program files (x86)/gnu tools arm embedded/6 2017-q1-update/bin/../lib/gcc/arm-none-eabi/6.3.1/thumb/v7e-m/fpv4-sp/hard/crtend.o
                0x20000070                . = ALIGN (0x4)
                0x20000070                __data_end__ = .

.igot.plt       0x20000070        0x0 load address 0x0000178c
 .igot.plt      0x20000070        0x0 c:/program files (x86)/gnu tools arm embedded/6 2017-q1-update/bin/../lib/gcc/arm-none-eabi/6.3.1/thumb/v7e-m/fpv4-sp/hard/crtbegin.o

.bss            0x20000070       0x2c load address 0x0000178c
                0x20000070                . = ALIGN (0x4)
                0x20000070                __bss_start__ = .
 *(.bss*)
 .bss           0x20000070       0x1c c:/program files (x86)/gnu tools arm embedded/6 2017-q1-update/bin/../lib/gcc/arm-none-eabi/6.3.1/thumb/v7e-m/fpv4-sp/hard/crtbegin.o
 .bss.__malloc_free_list
                0x2000008c        0x4 c:/program files (x86)/gnu tools arm embedded/6 2017-q1-update/bin/../lib/gcc/arm-none-eabi/6.3.1/../../../../arm-none-eabi/lib/thumb/v7e-m/fpv4-sp/hard\libg_nano.a(lib_a-nano-mallocr.o)
                0x2000008c                __malloc_free_list
 .bss.__malloc_sbrk_start
                0x20000090        0x4 c:/program files (x86)/gnu tools arm embedded/6 2017-q1-update/bin/../lib/gcc/arm-none-eabi/6.3.1/../../../../arm-none-eabi/lib/thumb/v7e-m/fpv4-sp/hard\libg_nano.a(lib_a-nano-mallocr.o)
                0x20000090                __malloc_sbrk_start
 .bss.heap_end.5239
                0x20000094        0x4 c:/program files (x86)/gnu tools arm embedded/6 2017-q1-update/bin/../lib/gcc/arm-none-eabi/6.3.1/../../../../arm-none-eabi/lib/thumb/v7e-m/fpv4-sp/hard\libnosys.a(sbrk.o)
 *(COMMON)
 COMMON         0x20000098        0x4 ./CMSIS/GCC/_syscalls.o
                0x20000098                errno
                0x2000009c                . = ALIGN (0x4)
                0x2000009c                __bss_end__ = .

.heap           0x200000a0      0x100
                0x200000a0                __HeapBase = .
                0x200000a0                __end__ = .
                0x200000a0                end = __end__
 *(.heap*)
 .heap          0x200000a0      0x100 ./CMSIS/GCC/startup_M480.o
                0x200001a0                __HeapLimit = .

.stack_dummy    0x200000a0      0x800
 *(.stack*)
 .stack         0x200000a0      0x800 ./CMSIS/GCC/startup_M480.o
                0x20020000                __StackTop = (ORIGIN (RAM) + LENGTH (RAM))
                0x2001f800                __StackLimit = (__StackTop - SIZEOF (.stack_dummy))
                0x20020000                PROVIDE (__stack, __StackTop)
                0x00000001                ASSERT ((__StackLimit >= __HeapLimit), region RAM overflowed with stack)
OUTPUT(TxRx.elf elf32-littlearm)

.ARM.attributes
                0x00000000       0x30
 .ARM.attributes
                0x00000000       0x22 c:/program files (x86)/gnu tools arm embedded/6 2017-q1-update/bin/../lib/gcc/arm-none-eabi/6.3.1/thumb/v7e-m/fpv4-sp/hard/crti.o
 .ARM.attributes
                0x00000022       0x34 c:/program files (x86)/gnu tools arm embedded/6 2017-q1-update/bin/../lib/gcc/arm-none-eabi/6.3.1/thumb/v7e-m/fpv4-sp/hard/crtbegin.o
 .ARM.attributes
                0x00000056       0x20 c:/program files (x86)/gnu tools arm embedded/6 2017-q1-update/bin/../lib/gcc/arm-none-eabi/6.3.1/../../../../arm-none-eabi/lib/thumb/v7e-m/fpv4-sp/hard/crt0.o
 .ARM.attributes
                0x00000076       0x39 ./User/main.o
 .ARM.attributes
                0x000000af       0x39 ./Library/retarget.o
 .ARM.attributes
                0x000000e8       0x39 ./CMSIS/GCC/_syscalls.o
 .ARM.attributes
                0x00000121       0x1f ./CMSIS/GCC/startup_M480.o
 .ARM.attributes
                0x00000140       0x39 ./CMSIS/system_M480.o
 .ARM.attributes
                0x00000179       0x34 c:/program files (x86)/gnu tools arm embedded/6 2017-q1-update/bin/../lib/gcc/arm-none-eabi/6.3.1/../../../../arm-none-eabi/lib/thumb/v7e-m/fpv4-sp/hard\libg_nano.a(lib_a-errno.o)
 .ARM.attributes
                0x000001ad       0x34 c:/program files (x86)/gnu tools arm embedded/6 2017-q1-update/bin/../lib/gcc/arm-none-eabi/6.3.1/../../../../arm-none-eabi/lib/thumb/v7e-m/fpv4-sp/hard\libg_nano.a(lib_a-exit.o)
 .ARM.attributes
                0x000001e1       0x34 c:/program files (x86)/gnu tools arm embedded/6 2017-q1-update/bin/../lib/gcc/arm-none-eabi/6.3.1/../../../../arm-none-eabi/lib/thumb/v7e-m/fpv4-sp/hard\libg_nano.a(lib_a-impure.o)
 .ARM.attributes
                0x00000215       0x34 c:/program files (x86)/gnu tools arm embedded/6 2017-q1-update/bin/../lib/gcc/arm-none-eabi/6.3.1/../../../../arm-none-eabi/lib/thumb/v7e-m/fpv4-sp/hard\libg_nano.a(lib_a-init.o)
 .ARM.attributes
                0x00000249       0x34 c:/program files (x86)/gnu tools arm embedded/6 2017-q1-update/bin/../lib/gcc/arm-none-eabi/6.3.1/../../../../arm-none-eabi/lib/thumb/v7e-m/fpv4-sp/hard\libg_nano.a(lib_a-memset.o)
 .ARM.attributes
                0x0000027d       0x34 c:/program files (x86)/gnu tools arm embedded/6 2017-q1-update/bin/../lib/gcc/arm-none-eabi/6.3.1/../../../../arm-none-eabi/lib/thumb/v7e-m/fpv4-sp/hard\libg_nano.a(lib_a-printf.o)
 .ARM.attributes
                0x000002b1       0x34 c:/program files (x86)/gnu tools arm embedded/6 2017-q1-update/bin/../lib/gcc/arm-none-eabi/6.3.1/../../../../arm-none-eabi/lib/thumb/v7e-m/fpv4-sp/hard\libg_nano.a(lib_a-puts.o)
 .ARM.attributes
                0x000002e5       0x34 c:/program files (x86)/gnu tools arm embedded/6 2017-q1-update/bin/../lib/gcc/arm-none-eabi/6.3.1/../../../../arm-none-eabi/lib/thumb/v7e-m/fpv4-sp/hard\libg_nano.a(lib_a-wbuf.o)
 .ARM.attributes
                0x00000319       0x34 c:/program files (x86)/gnu tools arm embedded/6 2017-q1-update/bin/../lib/gcc/arm-none-eabi/6.3.1/../../../../arm-none-eabi/lib/thumb/v7e-m/fpv4-sp/hard\libg_nano.a(lib_a-wsetup.o)
 .ARM.attributes
                0x0000034d       0x34 c:/program files (x86)/gnu tools arm embedded/6 2017-q1-update/bin/../lib/gcc/arm-none-eabi/6.3.1/../../../../arm-none-eabi/lib/thumb/v7e-m/fpv4-sp/hard\libg_nano.a(lib_a-fflush.o)
 .ARM.attributes
                0x00000381       0x34 c:/program files (x86)/gnu tools arm embedded/6 2017-q1-update/bin/../lib/gcc/arm-none-eabi/6.3.1/../../../../arm-none-eabi/lib/thumb/v7e-m/fpv4-sp/hard\libg_nano.a(lib_a-findfp.o)
 .ARM.attributes
                0x000003b5       0x34 c:/program files (x86)/gnu tools arm embedded/6 2017-q1-update/bin/../lib/gcc/arm-none-eabi/6.3.1/../../../../arm-none-eabi/lib/thumb/v7e-m/fpv4-sp/hard\libg_nano.a(lib_a-fwalk.o)
 .ARM.attributes
                0x000003e9       0x34 c:/program files (x86)/gnu tools arm embedded/6 2017-q1-update/bin/../lib/gcc/arm-none-eabi/6.3.1/../../../../arm-none-eabi/lib/thumb/v7e-m/fpv4-sp/hard\libg_nano.a(lib_a-makebuf.o)
 .ARM.attributes
                0x0000041d       0x34 c:/program files (x86)/gnu tools arm embedded/6 2017-q1-update/bin/../lib/gcc/arm-none-eabi/6.3.1/../../../../arm-none-eabi/lib/thumb/v7e-m/fpv4-sp/hard\libg_nano.a(lib_a-nano-freer.o)
 .ARM.attributes
                0x00000451       0x34 c:/program files (x86)/gnu tools arm embedded/6 2017-q1-update/bin/../lib/gcc/arm-none-eabi/6.3.1/../../../../arm-none-eabi/lib/thumb/v7e-m/fpv4-sp/hard\libg_nano.a(lib_a-nano-mallocr.o)
 .ARM.attributes
                0x00000485       0x34 c:/program files (x86)/gnu tools arm embedded/6 2017-q1-update/bin/../lib/gcc/arm-none-eabi/6.3.1/../../../../arm-none-eabi/lib/thumb/v7e-m/fpv4-sp/hard\libg_nano.a(lib_a-nano-vfprintf.o)
 .ARM.attributes
                0x000004b9       0x34 c:/program files (x86)/gnu tools arm embedded/6 2017-q1-update/bin/../lib/gcc/arm-none-eabi/6.3.1/../../../../arm-none-eabi/lib/thumb/v7e-m/fpv4-sp/hard\libg_nano.a(lib_a-nano-vfprintf_i.o)
 .ARM.attributes
                0x000004ed       0x34 c:/program files (x86)/gnu tools arm embedded/6 2017-q1-update/bin/../lib/gcc/arm-none-eabi/6.3.1/../../../../arm-none-eabi/lib/thumb/v7e-m/fpv4-sp/hard\libg_nano.a(lib_a-sbrkr.o)
 .ARM.attributes
                0x00000521       0x34 c:/program files (x86)/gnu tools arm embedded/6 2017-q1-update/bin/../lib/gcc/arm-none-eabi/6.3.1/../../../../arm-none-eabi/lib/thumb/v7e-m/fpv4-sp/hard\libg_nano.a(lib_a-stdio.o)
 .ARM.attributes
                0x00000555       0x34 c:/program files (x86)/gnu tools arm embedded/6 2017-q1-update/bin/../lib/gcc/arm-none-eabi/6.3.1/../../../../arm-none-eabi/lib/thumb/v7e-m/fpv4-sp/hard\libg_nano.a(lib_a-writer.o)
 .ARM.attributes
                0x00000589       0x34 c:/program files (x86)/gnu tools arm embedded/6 2017-q1-update/bin/../lib/gcc/arm-none-eabi/6.3.1/../../../../arm-none-eabi/lib/thumb/v7e-m/fpv4-sp/hard\libg_nano.a(lib_a-closer.o)
 .ARM.attributes
                0x000005bd       0x34 c:/program files (x86)/gnu tools arm embedded/6 2017-q1-update/bin/../lib/gcc/arm-none-eabi/6.3.1/../../../../arm-none-eabi/lib/thumb/v7e-m/fpv4-sp/hard\libg_nano.a(lib_a-fstatr.o)
 .ARM.attributes
                0x000005f1       0x34 c:/program files (x86)/gnu tools arm embedded/6 2017-q1-update/bin/../lib/gcc/arm-none-eabi/6.3.1/../../../../arm-none-eabi/lib/thumb/v7e-m/fpv4-sp/hard\libg_nano.a(lib_a-isattyr.o)
 .ARM.attributes
                0x00000625       0x34 c:/program files (x86)/gnu tools arm embedded/6 2017-q1-update/bin/../lib/gcc/arm-none-eabi/6.3.1/../../../../arm-none-eabi/lib/thumb/v7e-m/fpv4-sp/hard\libg_nano.a(lib_a-lseekr.o)
 .ARM.attributes
                0x00000659       0x20 c:/program files (x86)/gnu tools arm embedded/6 2017-q1-update/bin/../lib/gcc/arm-none-eabi/6.3.1/../../../../arm-none-eabi/lib/thumb/v7e-m/fpv4-sp/hard\libg_nano.a(lib_a-memchr.o)
 .ARM.attributes
                0x00000679       0x34 c:/program files (x86)/gnu tools arm embedded/6 2017-q1-update/bin/../lib/gcc/arm-none-eabi/6.3.1/../../../../arm-none-eabi/lib/thumb/v7e-m/fpv4-sp/hard\libg_nano.a(lib_a-mlock.o)
 .ARM.attributes
                0x000006ad       0x34 c:/program files (x86)/gnu tools arm embedded/6 2017-q1-update/bin/../lib/gcc/arm-none-eabi/6.3.1/../../../../arm-none-eabi/lib/thumb/v7e-m/fpv4-sp/hard\libg_nano.a(lib_a-readr.o)
 .ARM.attributes
                0x000006e1       0x34 c:/program files (x86)/gnu tools arm embedded/6 2017-q1-update/bin/../lib/gcc/arm-none-eabi/6.3.1/thumb/v7e-m/fpv4-sp/hard/crtend.o
 .ARM.attributes
                0x00000715       0x22 c:/program files (x86)/gnu tools arm embedded/6 2017-q1-update/bin/../lib/gcc/arm-none-eabi/6.3.1/thumb/v7e-m/fpv4-sp/hard/crtn.o
 .ARM.attributes
                0x00000737       0x34 c:/program files (x86)/gnu tools arm embedded/6 2017-q1-update/bin/../lib/gcc/arm-none-eabi/6.3.1/../../../../arm-none-eabi/lib/thumb/v7e-m/fpv4-sp/hard\libnosys.a(sbrk.o)
 .ARM.attributes
                0x0000076b       0x34 c:/program files (x86)/gnu tools arm embedded/6 2017-q1-update/bin/../lib/gcc/arm-none-eabi/6.3.1/../../../../arm-none-eabi/lib/thumb/v7e-m/fpv4-sp/hard\libnosys.a(_exit.o)

.comment        0x00000000       0x7f
 .comment       0x00000000       0x7f ./User/main.o
                                 0x80 (size before relaxing)
 .comment       0x0000007f       0x80 ./Library/retarget.o
 .comment       0x0000007f       0x80 ./CMSIS/GCC/_syscalls.o
 .comment       0x0000007f       0x80 ./CMSIS/system_M480.o

.debug_info     0x00000000     0x4382
 .debug_info    0x00000000      0xc5e ./User/main.o
 .debug_info    0x00000c5e     0x1026 ./Library/retarget.o
 .debug_info    0x00001c84     0x11bb ./CMSIS/GCC/_syscalls.o
 .debug_info    0x00002e3f       0x71 ./CMSIS/GCC/startup_M480.o
 .debug_info    0x00002eb0     0x14d2 ./CMSIS/system_M480.o

.debug_abbrev   0x00000000      0xa49
 .debug_abbrev  0x00000000      0x228 ./User/main.o
 .debug_abbrev  0x00000228      0x340 ./Library/retarget.o
 .debug_abbrev  0x00000568      0x289 ./CMSIS/GCC/_syscalls.o
 .debug_abbrev  0x000007f1       0x14 ./CMSIS/GCC/startup_M480.o
 .debug_abbrev  0x00000805      0x244 ./CMSIS/system_M480.o

.debug_loc      0x00000000      0x738
 .debug_loc     0x00000000       0x3d ./User/main.o
 .debug_loc     0x0000003d      0x179 ./Library/retarget.o
 .debug_loc     0x000001b6      0x549 ./CMSIS/GCC/_syscalls.o
 .debug_loc     0x000006ff       0x39 ./CMSIS/system_M480.o

.debug_aranges  0x00000000      0x1b8
 .debug_aranges
                0x00000000       0x30 ./User/main.o
 .debug_aranges
                0x00000030       0x70 ./Library/retarget.o
 .debug_aranges
                0x000000a0       0xd0 ./CMSIS/GCC/_syscalls.o
 .debug_aranges
                0x00000170       0x20 ./CMSIS/GCC/startup_M480.o
 .debug_aranges
                0x00000190       0x28 ./CMSIS/system_M480.o

.debug_ranges   0x00000000      0x158
 .debug_ranges  0x00000000       0x20 ./User/main.o
 .debug_ranges  0x00000020       0x60 ./Library/retarget.o
 .debug_ranges  0x00000080       0xc0 ./CMSIS/GCC/_syscalls.o
 .debug_ranges  0x00000140       0x18 ./CMSIS/system_M480.o

.debug_line     0x00000000      0xd85
 .debug_line    0x00000000      0x2de ./User/main.o
 .debug_line    0x000002de      0x3a3 ./Library/retarget.o
 .debug_line    0x00000681      0x3e2 ./CMSIS/GCC/_syscalls.o
 .debug_line    0x00000a63       0x7f ./CMSIS/GCC/startup_M480.o
 .debug_line    0x00000ae2      0x2a3 ./CMSIS/system_M480.o

.debug_str      0x00000000      0xf4f
 .debug_str     0x00000000      0x7d7 ./User/main.o
                                0x882 (size before relaxing)
 .debug_str     0x000007d7      0x127 ./Library/retarget.o
                                0x997 (size before relaxing)
 .debug_str     0x000008fe      0x2aa ./CMSIS/GCC/_syscalls.o
                                0x8c1 (size before relaxing)
 .debug_str     0x00000ba8      0x3a7 ./CMSIS/system_M480.o
                                0xc12 (size before relaxing)

.debug_frame    0x00000000      0xb20
 .debug_frame   0x00000000       0x48 ./User/main.o
 .debug_frame   0x00000048       0xf4 ./Library/retarget.o
 .debug_frame   0x0000013c      0x230 ./CMSIS/GCC/_syscalls.o
 .debug_frame   0x0000036c       0x38 ./CMSIS/system_M480.o
 .debug_frame   0x000003a4       0x20 c:/program files (x86)/gnu tools arm embedded/6 2017-q1-update/bin/../lib/gcc/arm-none-eabi/6.3.1/../../../../arm-none-eabi/lib/thumb/v7e-m/fpv4-sp/hard\libg_nano.a(lib_a-errno.o)
 .debug_frame   0x000003c4       0x28 c:/program files (x86)/gnu tools arm embedded/6 2017-q1-update/bin/../lib/gcc/arm-none-eabi/6.3.1/../../../../arm-none-eabi/lib/thumb/v7e-m/fpv4-sp/hard\libg_nano.a(lib_a-exit.o)
 .debug_frame   0x000003ec       0x2c c:/program files (x86)/gnu tools arm embedded/6 2017-q1-update/bin/../lib/gcc/arm-none-eabi/6.3.1/../../../../arm-none-eabi/lib/thumb/v7e-m/fpv4-sp/hard\libg_nano.a(lib_a-init.o)
 .debug_frame   0x00000418       0x20 c:/program files (x86)/gnu tools arm embedded/6 2017-q1-update/bin/../lib/gcc/arm-none-eabi/6.3.1/../../../../arm-none-eabi/lib/thumb/v7e-m/fpv4-sp/hard\libg_nano.a(lib_a-memset.o)
 .debug_frame   0x00000438       0x74 c:/program files (x86)/gnu tools arm embedded/6 2017-q1-update/bin/../lib/gcc/arm-none-eabi/6.3.1/../../../../arm-none-eabi/lib/thumb/v7e-m/fpv4-sp/hard\libg_nano.a(lib_a-printf.o)
 .debug_frame   0x000004ac       0x3c c:/program files (x86)/gnu tools arm embedded/6 2017-q1-update/bin/../lib/gcc/arm-none-eabi/6.3.1/../../../../arm-none-eabi/lib/thumb/v7e-m/fpv4-sp/hard\libg_nano.a(lib_a-puts.o)
 .debug_frame   0x000004e8       0x40 c:/program files (x86)/gnu tools arm embedded/6 2017-q1-update/bin/../lib/gcc/arm-none-eabi/6.3.1/../../../../arm-none-eabi/lib/thumb/v7e-m/fpv4-sp/hard\libg_nano.a(lib_a-wbuf.o)
 .debug_frame   0x00000528       0x2c c:/program files (x86)/gnu tools arm embedded/6 2017-q1-update/bin/../lib/gcc/arm-none-eabi/6.3.1/../../../../arm-none-eabi/lib/thumb/v7e-m/fpv4-sp/hard\libg_nano.a(lib_a-wsetup.o)
 .debug_frame   0x00000554       0x68 c:/program files (x86)/gnu tools arm embedded/6 2017-q1-update/bin/../lib/gcc/arm-none-eabi/6.3.1/../../../../arm-none-eabi/lib/thumb/v7e-m/fpv4-sp/hard\libg_nano.a(lib_a-fflush.o)
 .debug_frame   0x000005bc      0x11c c:/program files (x86)/gnu tools arm embedded/6 2017-q1-update/bin/../lib/gcc/arm-none-eabi/6.3.1/../../../../arm-none-eabi/lib/thumb/v7e-m/fpv4-sp/hard\libg_nano.a(lib_a-findfp.o)
 .debug_frame   0x000006d8       0x54 c:/program files (x86)/gnu tools arm embedded/6 2017-q1-update/bin/../lib/gcc/arm-none-eabi/6.3.1/../../../../arm-none-eabi/lib/thumb/v7e-m/fpv4-sp/hard\libg_nano.a(lib_a-fwalk.o)
 .debug_frame   0x0000072c       0x58 c:/program files (x86)/gnu tools arm embedded/6 2017-q1-update/bin/../lib/gcc/arm-none-eabi/6.3.1/../../../../arm-none-eabi/lib/thumb/v7e-m/fpv4-sp/hard\libg_nano.a(lib_a-makebuf.o)
 .debug_frame   0x00000784       0x38 c:/program files (x86)/gnu tools arm embedded/6 2017-q1-update/bin/../lib/gcc/arm-none-eabi/6.3.1/../../../../arm-none-eabi/lib/thumb/v7e-m/fpv4-sp/hard\libg_nano.a(lib_a-nano-freer.o)
 .debug_frame   0x000007bc       0x2c c:/program files (x86)/gnu tools arm embedded/6 2017-q1-update/bin/../lib/gcc/arm-none-eabi/6.3.1/../../../../arm-none-eabi/lib/thumb/v7e-m/fpv4-sp/hard\libg_nano.a(lib_a-nano-mallocr.o)
 .debug_frame   0x000007e8       0xac c:/program files (x86)/gnu tools arm embedded/6 2017-q1-update/bin/../lib/gcc/arm-none-eabi/6.3.1/../../../../arm-none-eabi/lib/thumb/v7e-m/fpv4-sp/hard\libg_nano.a(lib_a-nano-vfprintf.o)
 .debug_frame   0x00000894       0x60 c:/program files (x86)/gnu tools arm embedded/6 2017-q1-update/bin/../lib/gcc/arm-none-eabi/6.3.1/../../../../arm-none-eabi/lib/thumb/v7e-m/fpv4-sp/hard\libg_nano.a(lib_a-nano-vfprintf_i.o)
 .debug_frame   0x000008f4       0x2c c:/program files (x86)/gnu tools arm embedded/6 2017-q1-update/bin/../lib/gcc/arm-none-eabi/6.3.1/../../../../arm-none-eabi/lib/thumb/v7e-m/fpv4-sp/hard\libg_nano.a(lib_a-sbrkr.o)
 .debug_frame   0x00000920       0x88 c:/program files (x86)/gnu tools arm embedded/6 2017-q1-update/bin/../lib/gcc/arm-none-eabi/6.3.1/../../../../arm-none-eabi/lib/thumb/v7e-m/fpv4-sp/hard\libg_nano.a(lib_a-stdio.o)
 .debug_frame   0x000009a8       0x2c c:/program files (x86)/gnu tools arm embedded/6 2017-q1-update/bin/../lib/gcc/arm-none-eabi/6.3.1/../../../../arm-none-eabi/lib/thumb/v7e-m/fpv4-sp/hard\libg_nano.a(lib_a-writer.o)
 .debug_frame   0x000009d4       0x2c c:/program files (x86)/gnu tools arm embedded/6 2017-q1-update/bin/../lib/gcc/arm-none-eabi/6.3.1/../../../../arm-none-eabi/lib/thumb/v7e-m/fpv4-sp/hard\libg_nano.a(lib_a-closer.o)
 .debug_frame   0x00000a00       0x2c c:/program files (x86)/gnu tools arm embedded/6 2017-q1-update/bin/../lib/gcc/arm-none-eabi/6.3.1/../../../../arm-none-eabi/lib/thumb/v7e-m/fpv4-sp/hard\libg_nano.a(lib_a-fstatr.o)
 .debug_frame   0x00000a2c       0x2c c:/program files (x86)/gnu tools arm embedded/6 2017-q1-update/bin/../lib/gcc/arm-none-eabi/6.3.1/../../../../arm-none-eabi/lib/thumb/v7e-m/fpv4-sp/hard\libg_nano.a(lib_a-isattyr.o)
 .debug_frame   0x00000a58       0x2c c:/program files (x86)/gnu tools arm embedded/6 2017-q1-update/bin/../lib/gcc/arm-none-eabi/6.3.1/../../../../arm-none-eabi/lib/thumb/v7e-m/fpv4-sp/hard\libg_nano.a(lib_a-lseekr.o)
 .debug_frame   0x00000a84       0x30 c:/program files (x86)/gnu tools arm embedded/6 2017-q1-update/bin/../lib/gcc/arm-none-eabi/6.3.1/../../../../arm-none-eabi/lib/thumb/v7e-m/fpv4-sp/hard\libg_nano.a(lib_a-mlock.o)
 .debug_frame   0x00000ab4       0x2c c:/program files (x86)/gnu tools arm embedded/6 2017-q1-update/bin/../lib/gcc/arm-none-eabi/6.3.1/../../../../arm-none-eabi/lib/thumb/v7e-m/fpv4-sp/hard\libg_nano.a(lib_a-readr.o)
 .debug_frame   0x00000ae0       0x20 c:/program files (x86)/gnu tools arm embedded/6 2017-q1-update/bin/../lib/gcc/arm-none-eabi/6.3.1/../../../../arm-none-eabi/lib/thumb/v7e-m/fpv4-sp/hard\libnosys.a(sbrk.o)
 .debug_frame   0x00000b00       0x20 c:/program files (x86)/gnu tools arm embedded/6 2017-q1-update/bin/../lib/gcc/arm-none-eabi/6.3.1/../../../../arm-none-eabi/lib/thumb/v7e-m/fpv4-sp/hard\libnosys.a(_exit.o)
